node:events:487
      throw er; // Unhandled 'error' event
      ^

Error: listen EADDRINUSE: address already in use :::5000
    at Server.setupL[0mGET /api/health [32m200[0m 3.767 ms - 33[0m
[0mGET /api/health [32m200[0m 0.961 ms - 33[0m
[0mGET /api/analytics/dashboard [32m200[0m 26.909 ms - 812[0m
[0mGET /api/projects [32m200[0m 11.731 ms - 2232[0m
[0mGET /api/users [32m200[0m 6.775 ms - 982[0m
[0mGET /api/projects [36m304[0m 8.785 ms - -[0m
[0mGET /api/analytics/dashboard [36m304[0m 6.531 ms - -[0m
[0mGET /api/users [36m304[0m 3.904 ms - -[0m
[0mPOST /api/auth/login [32m200[0m 507.197 ms - 505[0m
[0mGET /api/analytics/dashboard [36m304[0m 4.061 ms - -[0m
[0mGET /api/projects [36m304[0m 4.489 ms - -[0m
[0mPOST /api/projects [32m201[0m 21.495 ms - 928[0m
[0mGET /api/projects [32m200[0m 5.950 ms - 3461[0m
[0mGET /api/projects [36m304[0m 3.865 ms - -[0m
[0mGET /api/health [32m200[0m 0.415 ms - 33[0m
[0mGET /api/projects [36m304[0m 4.790 ms - -[0m
[0mGET /api/analytics/dashboard [32m200[0m 12.796 ms - 978[0m
[0mGET /api/users [36m304[0m 3.761 ms - -[0m
[0mGET /api/analytics/dashboard [36m304[0m 3.983 ms - -[0m
[0mGET /api/projects [36m304[0m 6.775 ms - -[0m
[0mGET /api/projects/cmoxg0gvd0004evknqlb726kt [32m200[0m 8.829 ms - 11797[0m
[0mGET /api/analytics/projects/cmoxg0gvd0004evknqlb726kt?period=30 [32m200[0m 73.940 ms - 3350[0m
[0mGET /api/projects/cmoxg0gvd0004evknqlb726kt/reports/daily [32m200[0m 10.981 ms - 40904[0m
[0mGET /api/projects/cmoxg0gvd0004evknqlb726kt/reports/weekly [32m200[0m 6.735 ms - 2[0m
[0mGET /api/projects/cmoxg0gvd0004evknqlb726kt [36m304[0m 8.612 ms - -[0m
[0mGET /api/projects/cmoxg0gvd0004evknqlb726kt/reports/monthly [32m200[0m 3.882 ms - 2[0m
[0mPOST /api/projects/cmoxg0gvd0004evknqlb726kt/reports/weekly/generate [32m200[0m 101.402 ms - 942[0m
[0mGET /api/projects/cmoxg0gvd0004evknqlb726kt/reports/weekly [32m200[0m 3.660 ms - 944[0m
[0mGET /api/projects/cmoxg0gvd0004evknqlb726kt/documents [32m200[0m 7.580 ms - 2[0m
[0mGET /api/projects/cmoxg0gvd0004evknqlb726kt/activities [32m200[0m 7.230 ms - 6140[0m
[0mGET /api/projects/cmoxg0gvd0004evknqlb726kt/milestones [32m200[0m 7.123 ms - 2326[0m
[0mGET /api/analytics/dashboard [36m304[0m 9.415 ms - -[0m
[0mGET /api/projects [36m304[0m 5.458 ms - -[0m
[0mGET /api/projects/cmoxg0gvd0004evknqlb726kt [36m304[0m 7.855 ms - -[0m
[0mGET /api/analytics/projects/cmoxg0gvd0004evknqlb726kt?period=30 [36m304[0m 9.062 ms - -[0m
[0mGET /api/projects/cmoxg0gvd0004evknqlb726kt [36m304[0m 5.743 ms - -[0m
[0mGET /api/analytics/projects/cmoxg0gvd0004evknqlb726kt?period=30 [36m304[0m 16.676 ms - -[0m
